Microchip MPLAB XC8 Compiler V2.46

Linker command line:

-W-3 \
  --edf=P:\Programs_installed\Microchip\xc8\v2.46\pic\dat\20240104201356_en.msgs \
  -cn -h+dist/default/debug\PICDrivers.debug.sym \
  --cmf=dist/default/debug\PICDrivers.debug.cmf -z -Q18F46K20 \
  -oC:\Users\ALIMOH~1\AppData\Local\Temp\xcAss5s.\driver_tmp_3.o \
  --defsym=__MPLAB_BUILD=1 --fixupoverflow=error \
  -Mdist/default/debug/PICDrivers.debug.map \
  --md=C:\Users\ALIMOH~1\AppData\Local\Temp\xcAss5s.\driver_tmp_0.dat -E1 \
  -ver=XC8 Compiler --acfsm=1493 -ACODE=00h-0FFFFh -ACONST=00h-0FFFFh \
  -ASMALLCONST=01000h-010FFhx240 -AMEDIUMCONST=01000h-0FFFFh \
  -ACOMRAM=01h-05Fh -AABS1=00h-0F5Fh -ABIGRAM=01h-0F5Fh \
  -ARAM=060h-0FFh,0100h-01FFhx14,0F00h-0F5Fh -ABANK0=060h-0FFh \
  -ABANK1=0100h-01FFh -ABANK2=0200h-02FFh -ABANK3=0300h-03FFh \
  -ABANK4=0400h-04FFh -ABANK5=0500h-05FFh -ABANK6=0600h-06FFh \
  -ABANK7=0700h-07FFh -ABANK8=0800h-08FFh -ABANK9=0900h-09FFh \
  -ABANK10=0A00h-0AFFh -ABANK11=0B00h-0BFFh -ABANK12=0C00h-0CFFh \
  -ABANK13=0D00h-0DFFh -ABANK14=0E00h-0EFFh -ABANK15=0F00h-0F5Fh \
  -ASFR=0F60h-0FFFh -ABIGSFR=0F60h-0FFFh -ACONFIG=0300000h-030000Dh \
  -AIDLOC=0200000h-0200007h -AEEDATA=0F00000h-0F003FFh -peeprom_data=EEDATA \
  -preset_vec=00h,intcode,sivt_hi,intcodelo,sivt_lo,powerup,init \
  -pramtop=01000h -psmallconst=SMALLCONST -pmediumconst=MEDIUMCONST \
  -pconst=CONST -AFARRAM=00h-00h \
  -prdata=COMRAM,nvrram=COMRAM,nvbit=COMRAM,rbss=COMRAM,rbit=COMRAM \
  -pfarbss=FARRAM,fardata=FARRAM,nvFARRAM=FARRAM \
  -pintsave_regs=BIGRAM,bigbss=BIGRAM,bigdata=BIGRAM -pbss=RAM \
  -pidata=CODE,irdata=CODE,ibigdata=CODE,ifardata=CODE -prparam=COMRAM \
  C:\Users\ALIMOH~1\AppData\Local\Temp\xcAss5s.\driver_tmp_14.o \
  dist/default/debug\PICDrivers.debug.o 

Object code version is 3.11

Machine type is 18F46K20



                Name                               Link     Load   Length Selector   Space Scale
C:\Users\ALIMOH~1\AppData\Local\Temp\xcAss5s.\driver_tmp_14.o
                idloc                            200000   200000        8        0       5
                config                           300000   300000        E        0       4
                init                                  0        0        4        0       0
dist/default/debug\PICDrivers.debug.o
                idloc                            200000   200000        8        0       5
                config                           300000   300000        E        0       4
                smallconst                         1000     1000        A      800       0
                text8                              1284     1284       C4      805       0
                text7                              1348     1348       B0      805       0
                text6                              1436     1436       34      805       0
                text5                              14B2     14B2        2      805       0
                text4                              11BA     11BA       CA      805       0
                text3                              100A     100A      1B0      805       0
                text2                              13F8     13F8       3E      805       0
                text1                              1484     1484       1A      805       0
                text0                              149E     149E       14      805       0
                cstackCOMRAM                         26       26       1F        1       1
                bssCOMRAM                             1        1       25        1       1
                cinit                              146A     146A       1A      805       0

TOTAL           Name                               Link     Load   Length     Space
        CLASS   CODE           
                init                                  0        0        4         0
                text8                              1284     1284       C4         0
                text7                              1348     1348       B0         0
                text6                              1436     1436       34         0
                text5                              14B2     14B2        2         0
                text4                              11BA     11BA       CA         0
                text3                              100A     100A      1B0         0
                text2                              13F8     13F8       3E         0
                text1                              1484     1484       1A         0
                text0                              149E     149E       14         0
                cinit                              146A     146A       1A         0

        CLASS   CONST          

        CLASS   SMALLCONST     
                smallconst                         1000     1000        A         0

        CLASS   MEDIUMCONST    

        CLASS   COMRAM         
                cstackCOMRAM                         26       26       1F         1
                bssCOMRAM                             1        1       25         1

        CLASS   ABS1           

        CLASS   BIGRAM         

        CLASS   RAM            

        CLASS   BANK0          

        CLASS   BANK1          

        CLASS   BANK2          

        CLASS   BANK3          

        CLASS   BANK4          

        CLASS   BANK5          

        CLASS   BANK6          

        CLASS   BANK7          

        CLASS   BANK8          

        CLASS   BANK9          

        CLASS   BANK10         

        CLASS   BANK11         

        CLASS   BANK12         

        CLASS   BANK13         

        CLASS   BANK14         

        CLASS   BANK15         

        CLASS   SFR            

        CLASS   BIGSFR         

        CLASS   CONFIG         
                config                           300000   300000        E         4

        CLASS   IDLOC          
                idloc                            200000   200000        8         5

        CLASS   EEDATA         

        CLASS   FARRAM         

        CLASS   HEAP           

        CLASS   STACK          



SEGMENTS        Name                           Load    Length   Top    Selector   Space  Class

                reset_vec                      000000  000004  000004         0       0  CODE    
                bssCOMRAM                      000001  000044  000045         1       1  COMRAM  
                smallconst                     001000  00000A  00100A       800       0  SMALLCON
                text3                          00100A  0004AA  0014B4       805       0  CODE    


UNUSED ADDRESS RANGES

        Name                Unused          Largest block    Delta
        BANK0            000060-0000FF               A0
        BANK1            000100-0001FF              100
        BANK10           000A00-000AFF              100
        BANK11           000B00-000BFF              100
        BANK12           000C00-000CFF              100
        BANK13           000D00-000DFF              100
        BANK14           000E00-000EFF              100
        BANK15           000F00-000F5F               60
        BANK2            000200-0002FF              100
        BANK3            000300-0003FF              100
        BANK4            000400-0004FF              100
        BANK5            000500-0005FF              100
        BANK6            000600-0006FF              100
        BANK7            000700-0007FF              100
        BANK8            000800-0008FF              100
        BANK9            000900-0009FF              100
        BIGRAM           000045-000F5F              F1B
        BIGSFR           000F60-000FFF               A0
        CODE             000004-000FFF              FFC
                         0014B4-00FFFF             EB4C
        COMRAM           000045-00005F               1B
        CONST            000004-000FFF              FFC
                         0014B4-00FFFF             EB4C
        EEDATA           F00000-F003FF              400
        MEDIUMCONST      0014B4-00FFFF             EB4C
        RAM              000060-000F5F              100
        SFR              000F60-000FFF               A0
        SMALLCONST       0014B4-00FFFF              100

                                  Symbol Table

?___awdiv                cstackCOMRAM 000026
?___awmod                cstackCOMRAM 000026
?_abs                    cstackCOMRAM 00002C
?_printf                 cstackCOMRAM 000041
?_vfprintf               cstackCOMRAM 00003C
__HRAM                   (abs)        000000
__H__absolute__          __absolute__ 000000
__Habs1                  abs1         000000
__Hbank0                 bank0        000000
__Hbank1                 bank1        000000
__Hbank10                bank10       000000
__Hbank11                bank11       000000
__Hbank12                bank12       000000
__Hbank13                bank13       000000
__Hbank14                bank14       000000
__Hbank15                bank15       000000
__Hbank2                 bank2        000000
__Hbank3                 bank3        000000
__Hbank4                 bank4        000000
__Hbank5                 bank5        000000
__Hbank6                 bank6        000000
__Hbank7                 bank7        000000
__Hbank8                 bank8        000000
__Hbank9                 bank9        000000
__Hbigbss                bigbss       000000
__Hbigdata               bigdata      000000
__Hbigram                bigram       000000
__Hbigsfr                bigsfr       000000
__Hbss                   bss          000000
__HbssCOMRAM             bssCOMRAM    000000
__Hcinit                 cinit        000000
__Hclrtext               clrtext      000000
__Hcomram                comram       000000
__Hconfig                config       30000E
__Hconst                 const        000000
__HcstackCOMRAM          cstackCOMRAM 000000
__Hdata                  data         000000
__Heeprom_data           eeprom_data  000000
__Hfarbss                farbss       000000
__Hfardata               fardata      000000
__Hheap                  heap         000000
__Hibigdata              ibigdata     000000
__Hidata                 idata        000000
__Hidloc                 idloc        200008
__Hifardata              ifardata     000000
__Hinit                  init         000004
__Hintcode               intcode      000000
__Hintcode_body          intcode_body 000000
__Hintcodelo             intcodelo    000000
__Hintentry              intentry     000000
__Hintret                intret       000000
__Hintsave_regs          intsave_regs 000000
__Hirdata                irdata       000000
__Hmediumconst           mediumconst  000000
__HnvFARRAM              nvFARRAM     000000
__Hnvbit                 nvbit        000000
__Hnvrram                nvrram       000000
__Hparam                 rparam       000000
__Hpowerup               powerup      000000
__Hram                   ram          000000
__Hramtop                ramtop       001000
__Hrbit                  rbit         000000
__Hrbss                  rbss         000000
__Hrdata                 rdata        000000
__Hreset_vec             reset_vec    000000
__Hrparam                rparam       000000
__Hsfr                   sfr          000000
__Hsivt_hi               sivt_hi      000000
__Hsivt_lo               sivt_lo      000000
__Hsmallconst            smallconst   00100A
__Hspace_0               (abs)        0014B4
__Hspace_1               (abs)        000045
__Hspace_2               (abs)        000000
__Hspace_4               (abs)        60000E
__Hstack                 stack        000000
__Hstruct                struct       000000
__Htemp                  temp         000000
__Htext                  text         000000
__Htext0                 text0        000000
__Htext1                 text1        000000
__Htext2                 text2        000000
__Htext3                 text3        000000
__Htext4                 text4        000000
__Htext5                 text5        000000
__Htext6                 text6        000000
__Htext7                 text7        000000
__Htext8                 text8        000000
__LRAM                   (abs)        000001
__L__absolute__          __absolute__ 000000
__Labs1                  abs1         000000
__Lbank0                 bank0        000000
__Lbank1                 bank1        000000
__Lbank10                bank10       000000
__Lbank11                bank11       000000
__Lbank12                bank12       000000
__Lbank13                bank13       000000
__Lbank14                bank14       000000
__Lbank15                bank15       000000
__Lbank2                 bank2        000000
__Lbank3                 bank3        000000
__Lbank4                 bank4        000000
__Lbank5                 bank5        000000
__Lbank6                 bank6        000000
__Lbank7                 bank7        000000
__Lbank8                 bank8        000000
__Lbank9                 bank9        000000
__Lbigbss                bigbss       000000
__Lbigdata               bigdata      000000
__Lbigram                bigram       000000
__Lbigsfr                bigsfr       000000
__Lbss                   bss          000000
__LbssCOMRAM             bssCOMRAM    000000
__Lcinit                 cinit        000000
__Lclrtext               clrtext      000000
__Lcomram                comram       000000
__Lconfig                config       000000
__Lconst                 const        000000
__LcstackCOMRAM          cstackCOMRAM 000000
__Ldata                  data         000000
__Leeprom_data           eeprom_data  000000
__Lfarbss                farbss       000000
__Lfardata               fardata      000000
__Lheap                  heap         000000
__Libigdata              ibigdata     000000
__Lidata                 idata        000000
__Lidloc                 idloc        000000
__Lifardata              ifardata     000000
__Linit                  init         000000
__Lintcode               intcode      000000
__Lintcode_body          intcode_body 000000
__Lintcodelo             intcodelo    000000
__Lintentry              intentry     000000
__Lintret                intret       000000
__Lintsave_regs          intsave_regs 000000
__Lirdata                irdata       000000
__Lmediumconst           mediumconst  000000
__LnvFARRAM              nvFARRAM     000000
__Lnvbit                 nvbit        000000
__Lnvrram                nvrram       000000
__Lparam                 rparam       000000
__Lpowerup               powerup      000000
__Lram                   ram          000000
__Lramtop                ramtop       001000
__Lrbit                  rbit         000000
__Lrbss                  rbss         000000
__Lrdata                 rdata        000000
__Lreset_vec             reset_vec    000000
__Lrparam                rparam       000000
__Lsfr                   sfr          000000
__Lsivt_hi               sivt_hi      000000
__Lsivt_lo               sivt_lo      000000
__Lsmallconst            smallconst   001000
__Lspace_0               (abs)        000000
__Lspace_1               (abs)        000000
__Lspace_2               (abs)        000000
__Lspace_4               (abs)        000000
__Lstack                 stack        000000
__Lstruct                struct       000000
__Ltemp                  temp         000000
__Ltext                  text         000000
__Ltext0                 text0        000000
__Ltext1                 text1        000000
__Ltext2                 text2        000000
__Ltext3                 text3        000000
__Ltext4                 text4        000000
__Ltext5                 text5        000000
__Ltext6                 text6        000000
__Ltext7                 text7        000000
__Ltext8                 text8        000000
__S0                     (abs)        0014B4
__S1                     (abs)        000045
__S4                     (abs)        000000
__S5                     (abs)        000000
___awdiv                 text8        001284
___awdiv@counter         cstackCOMRAM 00002A
___awdiv@dividend        cstackCOMRAM 000026
___awdiv@divisor         cstackCOMRAM 000028
___awdiv@quotient        cstackCOMRAM 00002C
___awdiv@sign            cstackCOMRAM 00002B
___awmod                 text7        001348
___awmod@counter         cstackCOMRAM 00002A
___awmod@dividend        cstackCOMRAM 000026
___awmod@divisor         cstackCOMRAM 000028
___awmod@sign            cstackCOMRAM 00002B
___heap_hi               (abs)        000000
___heap_lo               (abs)        000000
___inthi_sp              stack        000000
___inthi_stack_hi        stack        000000
___inthi_stack_lo        stack        000000
___intlo_sp              stack        000000
___intlo_stack_hi        stack        000000
___intlo_stack_lo        stack        000000
___param_bank            (abs)        000000
___rparam_used           (abs)        000001
___sp                    stack        000000
___stack_hi              stack        000000
___stack_lo              stack        000000
__accesstop              (abs)        000060
__activetblptr           (abs)        000001
__end_of___awdiv         text8        001348
__end_of___awmod         text7        0013F8
__end_of__initialization cinit        001476
__end_of_abs             text6        00146A
__end_of_fputc           text4        001284
__end_of_main            text0        0014B2
__end_of_printf          text1        00149E
__end_of_putch           text5        0014B4
__end_of_vfpfcnvrt       text3        0011BA
__end_of_vfprintf        text2        001436
__initialization         cinit        00146A
__mediumconst            mediumconst  000000
__pbssCOMRAM             bssCOMRAM    000001
__pcinit                 cinit        00146A
__pcstackCOMRAM          cstackCOMRAM 000026
__psmallconst            smallconst   001000
__ptext0                 text0        00149E
__ptext1                 text1        001484
__ptext2                 text2        0013F8
__ptext3                 text3        00100A
__ptext4                 text4        0011BA
__ptext5                 text5        0014B2
__ptext6                 text6        001436
__ptext7                 text7        001348
__ptext8                 text8        001284
__ramtop                 ramtop       001000
__smallconst             smallconst   001000
_abs                     text6        001436
_dbuf                    bssCOMRAM    000001
_flags                   bssCOMRAM    000025
_fputc                   text4        0011BA
_main                    text0        00149E
_prec                    bssCOMRAM    000023
_printf                  text1        001484
_putch                   text5        0014B2
_vfpfcnvrt               text3        00100A
_vfprintf                text2        0013F8
_width                   bssCOMRAM    000021
abs@a                    cstackCOMRAM 00002C
end_of_initialization    cinit        001476
fputc@c                  cstackCOMRAM 000026
fputc@fp                 cstackCOMRAM 000028
intlevel0                text         000000
intlevel1                text         000000
intlevel2                text         000000
intlevel3                text         000000
isa$std                  (abs)        000001
isa$xinst                (abs)        000000
printf@ap                cstackCOMRAM 000044
printf@fmt               cstackCOMRAM 000041
stackhi                  (abs)        000000
stacklo                  (abs)        000000
start                    init         000000
start_initialization     cinit        00146A
vfpfcnvrt@ap             cstackCOMRAM 000033
vfpfcnvrt@c              cstackCOMRAM 00003B
vfpfcnvrt@convarg        cstackCOMRAM 000037
vfpfcnvrt@cp             cstackCOMRAM 000036
vfpfcnvrt@done           cstackCOMRAM 000035
vfpfcnvrt@fmt            cstackCOMRAM 000032
vfpfcnvrt@fp             cstackCOMRAM 000030
vfprintf@ap              cstackCOMRAM 00003F
vfprintf@cfmt            cstackCOMRAM 000040
vfprintf@fmt             cstackCOMRAM 00003E
vfprintf@fp              cstackCOMRAM 00003C


MODULE INFORMATION

Module		Function		Class		Link	Load	Size
P:\Programs_installed\Microchip\xc8\v2.46\pic\sources\c99\common\awmod.c
		___awmod       		CODE           	1348	0000	176

P:\Programs_installed\Microchip\xc8\v2.46\pic\sources\c99\common\awmod.c estimated size: 176

P:\Programs_installed\Microchip\xc8\v2.46\pic\sources\c99\common\putch.c
		_putch         		CODE           	14B2	0000	2

P:\Programs_installed\Microchip\xc8\v2.46\pic\sources\c99\common\putch.c estimated size: 2

P:\Programs_installed\Microchip\xc8\v2.46\pic\sources\c99\common\doprnt.c
		_vfpfcnvrt     		CODE           	100A	0000	432
		_vfprintf      		CODE           	13F8	0000	62

P:\Programs_installed\Microchip\xc8\v2.46\pic\sources\c99\common\doprnt.c estimated size: 494

P:\Programs_installed\Microchip\xc8\v2.46\pic\sources\c99\common\nf_fputc.c
		_fputc         		CODE           	11BA	0000	202

P:\Programs_installed\Microchip\xc8\v2.46\pic\sources\c99\common\nf_fputc.c estimated size: 202

P:\Programs_installed\Microchip\xc8\v2.46\pic\sources\c99\common\awdiv.c
		___awdiv       		CODE           	1284	0000	196

P:\Programs_installed\Microchip\xc8\v2.46\pic\sources\c99\common\awdiv.c estimated size: 196

shared
		__initialization		CODE           	146A	0000	12

shared estimated size: 12

P:\Programs_installed\Microchip\xc8\v2.46\pic\sources\c99\common\printf.c
		_printf        		CODE           	1484	0000	26

P:\Programs_installed\Microchip\xc8\v2.46\pic\sources\c99\common\printf.c estimated size: 26

P:\Programs_installed\Microchip\xc8\v2.46\pic\sources\c99\common\abs.c
		_abs           		CODE           	1436	0000	52

P:\Programs_installed\Microchip\xc8\v2.46\pic\sources\c99\common\abs.c estimated size: 52

main.c
		_main          		CODE           	149E	0000	20

main.c estimated size: 20

