Microchip MPLAB XC8 Compiler V2.46

Linker command line:

-W-3 \
  --edf=P:\Programs_installed\Microchip\xc8\v2.46\pic\dat\20240104201356_en.msgs \
  -cn -h+dist/default/production\PICDrivers.production.sym \
  --cmf=dist/default/production\PICDrivers.production.cmf -z -Q18F46K20 \
  -oC:\Users\ALIMOH~1\AppData\Local\Temp\xcAs1ka4.\driver_tmp_3.o \
  --defsym=__MPLAB_BUILD=1 --fixupoverflow=error \
  -Mdist/default/production/PICDrivers.production.map \
  --md=C:\Users\ALIMOH~1\AppData\Local\Temp\xcAs1ka4.\driver_tmp_0.dat -E1 \
  -ver=XC8 Compiler --acfsm=1493 -ACODE=00h-0FFFFh -ACONST=00h-0FFFFh \
  -ASMALLCONST=01000h-010FFhx240 -AMEDIUMCONST=01000h-0FFFFh \
  -ACOMRAM=01h-05Fh -AABS1=00h-0F5Fh -ABIGRAM=01h-0F5Fh \
  -ARAM=060h-0FFh,0100h-01FFhx14,0F00h-0F5Fh -ABANK0=060h-0FFh \
  -ABANK1=0100h-01FFh -ABANK2=0200h-02FFh -ABANK3=0300h-03FFh \
  -ABANK4=0400h-04FFh -ABANK5=0500h-05FFh -ABANK6=0600h-06FFh \
  -ABANK7=0700h-07FFh -ABANK8=0800h-08FFh -ABANK9=0900h-09FFh \
  -ABANK10=0A00h-0AFFh -ABANK11=0B00h-0BFFh -ABANK12=0C00h-0CFFh \
  -ABANK13=0D00h-0DFFh -ABANK14=0E00h-0EFFh -ABANK15=0F00h-0F5Fh \
  -ASFR=0F60h-0FFFh -ABIGSFR=0F60h-0FFFh -ACONFIG=0300000h-030000Dh \
  -AIDLOC=0200000h-0200007h -AEEDATA=0F00000h-0F003FFh -peeprom_data=EEDATA \
  -preset_vec=00h,intcode=8h,intcodelo,powerup,init -pramtop=01000h \
  -psmallconst=SMALLCONST -pmediumconst=MEDIUMCONST -pconst=CONST \
  -AFARRAM=00h-00h \
  -prdata=COMRAM,nvrram=COMRAM,nvbit=COMRAM,rbss=COMRAM,rbit=COMRAM \
  -pfarbss=FARRAM,fardata=FARRAM,nvFARRAM=FARRAM \
  -pintsave_regs=BIGRAM,bigbss=BIGRAM,bigdata=BIGRAM -pbss=RAM \
  -pidata=CODE,irdata=CODE,ibigdata=CODE,ifardata=CODE -prparam=COMRAM \
  C:\Users\ALIMOH~1\AppData\Local\Temp\xcAs1ka4.\driver_tmp_9.o \
  dist/default/production\PICDrivers.production.o 

Object code version is 3.11

Machine type is 18F46K20



                Name                               Link     Load   Length Selector   Space Scale
C:\Users\ALIMOH~1\AppData\Local\Temp\xcAs1ka4.\driver_tmp_9.o
                idloc                            200000   200000        8        0       5
                config                           300000   300000        E        0       4
                init                                14E      14E        4        4       0
                reset_vec                             0        0        4        0       0
dist/default/production\PICDrivers.production.o
                intcode                               8        8      146        4       0
                idloc                            200000   200000        8        0       5
                config                           300000   300000        E        0       4
                temp                                 51       51        1        1       1
                smallconst                         1000     1000       22      800       0
                text8                              1780     1780      27A      811       0
                text7                              1F24     1F24       AA      811       0
                text6                              1438     1438      348      811       0
                text5                              1022     1022      416      811       0
                text4                              1DAC     1DAC       CE      811       0
                text3                              1E7A     1E7A       AA      811       0
                text2                              19FA     19FA      234      811       0
                text1                              1C2E     1C2E      17E      811       0
                text0                              1FCE     1FCE       3C      811       0
                cstackCOMRAM                         3A       3A        C        1       1
                dataCOMRAM                           46       46        B        1       1
                bssCOMRAM                             1        1       39        1       1
                cinit                              200A     200A       36      811       0
                idataCOMRAM                        2040     2040        B      811       0

TOTAL           Name                               Link     Load   Length     Space
        CLASS   CODE           
                intcode                               8        8      146         0
                init                                14E      14E        4         0
                reset_vec                             0        0        4         0
                text8                              1780     1780      27A         0
                text7                              1F24     1F24       AA         0
                text6                              1438     1438      348         0
                text5                              1022     1022      416         0
                text4                              1DAC     1DAC       CE         0
                text3                              1E7A     1E7A       AA         0
                text2                              19FA     19FA      234         0
                text1                              1C2E     1C2E      17E         0
                text0                              1FCE     1FCE       3C         0
                cinit                              200A     200A       36         0
                idataCOMRAM                        2040     2040        B         0

        CLASS   CONST          

        CLASS   SMALLCONST     
                smallconst                         1000     1000       22         0

        CLASS   MEDIUMCONST    

        CLASS   COMRAM         
                temp                                 51       51        1         1
                cstackCOMRAM                         3A       3A        C         1
                dataCOMRAM                           46       46        B         1
                bssCOMRAM                             1        1       39         1

        CLASS   ABS1           

        CLASS   BIGRAM         

        CLASS   RAM            

        CLASS   BANK0          

        CLASS   BANK1          

        CLASS   BANK2          

        CLASS   BANK3          

        CLASS   BANK4          

        CLASS   BANK5          

        CLASS   BANK6          

        CLASS   BANK7          

        CLASS   BANK8          

        CLASS   BANK9          

        CLASS   BANK10         

        CLASS   BANK11         

        CLASS   BANK12         

        CLASS   BANK13         

        CLASS   BANK14         

        CLASS   BANK15         

        CLASS   SFR            

        CLASS   BIGSFR         

        CLASS   CONFIG         
                config                           300000   300000        E         4

        CLASS   IDLOC          
                idloc                            200000   200000        8         5

        CLASS   EEDATA         

        CLASS   FARRAM         

        CLASS   HEAP           

        CLASS   STACK          



SEGMENTS        Name                           Load    Length   Top    Selector   Space  Class

                reset_vec                      000000  000004  000004         0       0  CODE    
                bssCOMRAM                      000001  000051  000052         1       1  COMRAM  
                intcode                        000008  00014A  000152         4       0  CODE    
                smallconst                     001000  000022  001022       800       0  SMALLCON
                text5                          001022  001029  00204B       811       0  CODE    


UNUSED ADDRESS RANGES

        Name                Unused          Largest block    Delta
        BANK0            000060-0000FF               A0
        BANK1            000100-0001FF              100
        BANK10           000A00-000AFF              100
        BANK11           000B00-000BFF              100
        BANK12           000C00-000CFF              100
        BANK13           000D00-000DFF              100
        BANK14           000E00-000EFF              100
        BANK15           000F00-000F5F               60
        BANK2            000200-0002FF              100
        BANK3            000300-0003FF              100
        BANK4            000400-0004FF              100
        BANK5            000500-0005FF              100
        BANK6            000600-0006FF              100
        BANK7            000700-0007FF              100
        BANK8            000800-0008FF              100
        BANK9            000900-0009FF              100
        BIGRAM           000052-000F5F              F0E
        BIGSFR           000F60-000FFF               A0
        CODE             000004-000007                4
                         000152-000FFF              EAE
                         00204B-00FFFF             DFB5
        COMRAM           000052-00005F                E
        CONST            000004-000007                4
                         000152-000FFF              EAE
                         00204B-00FFFF             DFB5
        EEDATA           F00000-F003FF              400
        MEDIUMCONST      00204B-00FFFF             DFB5
        RAM              000060-000F5F              100
        SFR              000F60-000FFF               A0
        SMALLCONST       00204B-00FFFF              100

                                  Symbol Table

HAL_LED_LEDArrayConfig@F2857                   bssCOMRAM    000033
HAL_LED_LEDArrayPatternBlink@F2878             bssCOMRAM    000030
HAL_LED_LEDArrayPatternOff@F2870               bssCOMRAM    000031
HAL_LED_LEDArrayPatternOn@F2864                bssCOMRAM    000032
HAL_LED_LEDBlink@Copy_LED                      cstackCOMRAM 00003F
HAL_LED_LEDBlink@F2851                         bssCOMRAM    000034
HAL_LED_LEDBlink@LED                           cstackCOMRAM 000043
HAL_LED_LEDBlink@Local_BlinkingTimes           cstackCOMRAM 000042
HAL_LED_LEDConfig@Copy_LED                     cstackCOMRAM 000041
HAL_LED_LEDConfig@F2830                        bssCOMRAM    000038
HAL_LED_LEDConfig@LED                          cstackCOMRAM 000043
HAL_LED_LEDOff@F2840                           bssCOMRAM    000036
HAL_LED_LEDOn@F2835                            bssCOMRAM    000037
HAL_LED_LEDToggle@F2845                        bssCOMRAM    000035
HAL_Push_Button_BtnConfig@Btn                  cstackCOMRAM 000040
HAL_Push_Button_BtnConfig@Copy_Btn             cstackCOMRAM 00003E
HAL_Push_Button_BtnConfig@F2816                bssCOMRAM    00002F
HAL_Push_Button_ReadBtn@Btn                    cstackCOMRAM 000044
HAL_Push_Button_ReadBtn@Copy_Btn               cstackCOMRAM 000040
HAL_Push_Button_ReadBtn@Copy_BtnStatus         cstackCOMRAM 000041
HAL_Push_Button_ReadBtn@F2823                  bssCOMRAM    00002E
HAL_Push_Button_ReadBtn@Local_BtnStatus        cstackCOMRAM 000045
MCAL_DIO_ReadPinValue@Copy_PinInfo             cstackCOMRAM 00003A
MCAL_DIO_ReadPinValue@Copy_PinValue            cstackCOMRAM 00003B
MCAL_DIO_ReadPinValue@Local_ErrorStatus        cstackCOMRAM 00003E
MCAL_DIO_ReadPinValue@Local_PinValue           cstackCOMRAM 00003F
MCAL_DIO_SetPinDirection@Copy_PinInfo          cstackCOMRAM 00003A
MCAL_DIO_SetPinDirection@Local_ErrorStatus     cstackCOMRAM 00003D
MCAL_DIO_SetPinValue@Copy_PinInfo              cstackCOMRAM 00003A
MCAL_DIO_SetPinValue@Copy_PinValue             cstackCOMRAM 00003B
MCAL_DIO_SetPinValue@Local_ErrorStatus         cstackCOMRAM 000040
MCAL_DIO_TogglePinValue@Copy_PinInfo           cstackCOMRAM 00003A
MCAL_DIO_TogglePinValue@Local_ErrorStatus      cstackCOMRAM 00003E
MCAL_Interrupt_EXTIntStatus@F3087              bssCOMRAM    00002D
MCAL_Interrupt_EXTIntStatus@F3089              bssCOMRAM    00002C
MCAL_Interrupt_EXTIntStatus@F3091              bssCOMRAM    00002B
_AD_CallBack                                   bssCOMRAM    000013
_BCL_CallBack                                  bssCOMRAM    000009
_Btn                                           dataCOMRAM   00004F
_C1_CallBack                                   bssCOMRAM    000003
_C2_CallBack                                   bssCOMRAM    000005
_CCP1_CallBack                                 bssCOMRAM    00001B
_CCP2_CallBack                                 bssCOMRAM    00000F
_EE_CallBack                                   bssCOMRAM    000007
_EXTINT0_CallBack                              bssCOMRAM    000029
_EXTINT1_CallBack                              bssCOMRAM    000027
_EXTINT2_CallBack                              bssCOMRAM    000025
_Global_BtnRead                                dataCOMRAM   00004E
_HAL_LED_LEDBlink                              text7        001F24
_HAL_LED_LEDConfig                             text4        001DAC
_HAL_Push_Button_BtnConfig                     text3        001E7A
_HAL_Push_Button_ReadBtn                       text1        001C2E
_HLVD_CallBack                                 bssCOMRAM    00000B
_IOCB_CallBack                                 bssCOMRAM    000023
_ISR                                           intcode      000008
_Local_KeyPadLayout@KeyPad_Config$F177         smallconst   001001
_MCAL_DIO_ReadPinValue                         text2        0019FA
_MCAL_DIO_SetPinDirection                      text6        001438
_MCAL_DIO_SetPinValue                          text5        001022
_MCAL_DIO_TogglePinValue                       text8        001780
_OSCF_CallBack                                 bssCOMRAM    000001
_PORTB                                         (abs)        000F81
_PSP_CallBack                                  bssCOMRAM    000011
_RC_CallBack                                   bssCOMRAM    000015
_ReturnStatus                                  bssCOMRAM    000039
_SSP_CallBack                                  bssCOMRAM    000019
_TMR0_CallBack                                 bssCOMRAM    000021
_TMR1_CallBack                                 bssCOMRAM    00001F
_TMR2_CallBack                                 bssCOMRAM    00001D
_TMR3_CallBack                                 bssCOMRAM    00000D
_TX_CallBack                                   bssCOMRAM    000017
__HRAM                                         (abs)        000000
__H__absolute__                                __absolute__ 000000
__Habs1                                        abs1         000000
__Hbank0                                       bank0        000000
__Hbank1                                       bank1        000000
__Hbank10                                      bank10       000000
__Hbank11                                      bank11       000000
__Hbank12                                      bank12       000000
__Hbank13                                      bank13       000000
__Hbank14                                      bank14       000000
__Hbank15                                      bank15       000000
__Hbank2                                       bank2        000000
__Hbank3                                       bank3        000000
__Hbank4                                       bank4        000000
__Hbank5                                       bank5        000000
__Hbank6                                       bank6        000000
__Hbank7                                       bank7        000000
__Hbank8                                       bank8        000000
__Hbank9                                       bank9        000000
__Hbigbss                                      bigbss       000000
__Hbigdata                                     bigdata      000000
__Hbigram                                      bigram       000000
__Hbigsfr                                      bigsfr       000000
__Hbss                                         bss          000000
__HbssCOMRAM                                   bssCOMRAM    000000
__Hcinit                                       cinit        000000
__Hclrtext                                     clrtext      000000
__Hcomram                                      comram       000000
__Hconfig                                      config       30000E
__Hconst                                       const        000000
__HcstackCOMRAM                                cstackCOMRAM 000000
__Hdata                                        data         000000
__HdataCOMRAM                                  dataCOMRAM   000000
__Heeprom_data                                 eeprom_data  000000
__Hfarbss                                      farbss       000000
__Hfardata                                     fardata      000000
__Hheap                                        heap         000000
__Hibigdata                                    ibigdata     000000
__Hidata                                       idata        000000
__HidataCOMRAM                                 idataCOMRAM  000000
__Hidloc                                       idloc        200008
__Hifardata                                    ifardata     000000
__Hinit                                        init         000152
__Hintcode                                     intcode      00014E
__Hintcode_body                                intcode_body 000000
__Hintcodelo                                   intcodelo    00014E
__Hintentry                                    intentry     000000
__Hintret                                      intret       000000
__Hintsave_regs                                intsave_regs 000000
__Hirdata                                      irdata       000000
__Hmediumconst                                 mediumconst  000000
__HnvFARRAM                                    nvFARRAM     000000
__Hnvbit                                       nvbit        000000
__Hnvrram                                      nvrram       000000
__Hparam                                       rparam       000000
__Hpowerup                                     powerup      00014E
__Hram                                         ram          000000
__Hramtop                                      ramtop       001000
__Hrbit                                        rbit         000000
__Hrbss                                        rbss         000000
__Hrdata                                       rdata        000000
__Hreset_vec                                   reset_vec    000004
__Hrparam                                      rparam       000000
__Hsfr                                         sfr          000000
__Hsivt_hi                                     sivt_hi      000000
__Hsivt_lo                                     sivt_lo      000000
__Hsmallconst                                  smallconst   001022
__Hspace_0                                     (abs)        00204B
__Hspace_1                                     (abs)        000052
__Hspace_2                                     (abs)        000000
__Hspace_4                                     (abs)        60000E
__Hstack                                       stack        000000
__Hstruct                                      struct       000000
__Htemp                                        temp         000052
__Htext                                        text         000000
__Htext0                                       text0        000000
__Htext1                                       text1        000000
__Htext2                                       text2        000000
__Htext3                                       text3        000000
__Htext4                                       text4        000000
__Htext5                                       text5        000000
__Htext6                                       text6        000000
__Htext7                                       text7        000000
__Htext8                                       text8        000000
__LRAM                                         (abs)        000001
__L__absolute__                                __absolute__ 000000
__Labs1                                        abs1         000000
__Lbank0                                       bank0        000000
__Lbank1                                       bank1        000000
__Lbank10                                      bank10       000000
__Lbank11                                      bank11       000000
__Lbank12                                      bank12       000000
__Lbank13                                      bank13       000000
__Lbank14                                      bank14       000000
__Lbank15                                      bank15       000000
__Lbank2                                       bank2        000000
__Lbank3                                       bank3        000000
__Lbank4                                       bank4        000000
__Lbank5                                       bank5        000000
__Lbank6                                       bank6        000000
__Lbank7                                       bank7        000000
__Lbank8                                       bank8        000000
__Lbank9                                       bank9        000000
__Lbigbss                                      bigbss       000000
__Lbigdata                                     bigdata      000000
__Lbigram                                      bigram       000000
__Lbigsfr                                      bigsfr       000000
__Lbss                                         bss          000000
__LbssCOMRAM                                   bssCOMRAM    000000
__Lcinit                                       cinit        000000
__Lclrtext                                     clrtext      000000
__Lcomram                                      comram       000000
__Lconfig                                      config       000000
__Lconst                                       const        000000
__LcstackCOMRAM                                cstackCOMRAM 000000
__Ldata                                        data         000000
__LdataCOMRAM                                  dataCOMRAM   000000
__Leeprom_data                                 eeprom_data  000000
__Lfarbss                                      farbss       000000
__Lfardata                                     fardata      000000
__Lheap                                        heap         000000
__Libigdata                                    ibigdata     000000
__Lidata                                       idata        000000
__LidataCOMRAM                                 idataCOMRAM  000000
__Lidloc                                       idloc        000000
__Lifardata                                    ifardata     000000
__Linit                                        init         00014E
__Lintcode                                     intcode      000008
__Lintcode_body                                intcode_body 000000
__Lintcodelo                                   intcodelo    00014E
__Lintentry                                    intentry     000000
__Lintret                                      intret       000000
__Lintsave_regs                                intsave_regs 000000
__Lirdata                                      irdata       000000
__Lmediumconst                                 mediumconst  000000
__LnvFARRAM                                    nvFARRAM     000000
__Lnvbit                                       nvbit        000000
__Lnvrram                                      nvrram       000000
__Lparam                                       rparam       000000
__Lpowerup                                     powerup      00014E
__Lram                                         ram          000000
__Lramtop                                      ramtop       001000
__Lrbit                                        rbit         000000
__Lrbss                                        rbss         000000
__Lrdata                                       rdata        000000
__Lreset_vec                                   reset_vec    000000
__Lrparam                                      rparam       000000
__Lsfr                                         sfr          000000
__Lsivt_hi                                     sivt_hi      000000
__Lsivt_lo                                     sivt_lo      000000
__Lsmallconst                                  smallconst   001000
__Lspace_0                                     (abs)        000000
__Lspace_1                                     (abs)        000000
__Lspace_2                                     (abs)        000000
__Lspace_4                                     (abs)        000000
__Lstack                                       stack        000000
__Lstruct                                      struct       000000
__Ltemp                                        temp         000051
__Ltext                                        text         000000
__Ltext0                                       text0        000000
__Ltext1                                       text1        000000
__Ltext2                                       text2        000000
__Ltext3                                       text3        000000
__Ltext4                                       text4        000000
__Ltext5                                       text5        000000
__Ltext6                                       text6        000000
__Ltext7                                       text7        000000
__Ltext8                                       text8        000000
__S0                                           (abs)        00204B
__S1                                           (abs)        000052
__S4                                           (abs)        000000
__S5                                           (abs)        000000
___heap_hi                                     (abs)        000000
___heap_lo                                     (abs)        000000
___inthi_sp                                    stack        000000
___inthi_stack_hi                              stack        000000
___inthi_stack_lo                              stack        000000
___intlo_sp                                    stack        000000
___intlo_stack_hi                              stack        000000
___intlo_stack_lo                              stack        000000
___param_bank                                  (abs)        000000
___rparam_used                                 (abs)        000001
___sp                                          stack        000000
___stack_hi                                    stack        000000
___stack_lo                                    stack        000000
__accesstop                                    (abs)        000060
__activetblptr                                 (abs)        000003
__end_of_HAL_LED_LEDBlink                      text7        001FCE
__end_of_HAL_LED_LEDConfig                     text4        001E7A
__end_of_HAL_Push_Button_BtnConfig             text3        001F24
__end_of_HAL_Push_Button_ReadBtn               text1        001DAC
__end_of_ISR                                   intcode      00014E
__end_of_Local_KeyPadLayout                    smallconst   001021
__end_of_Local_KeyPadLayout@KeyPad_Config$F177 smallconst   001011
__end_of_MCAL_DIO_ReadPinValue                 text2        001C2E
__end_of_MCAL_DIO_SetPinDirection              text6        001780
__end_of_MCAL_DIO_SetPinValue                  text5        001438
__end_of_MCAL_DIO_TogglePinValue               text8        0019FA
__end_of__initialization                       cinit        002036
__end_of_main                                  text0        00200A
__initialization                               cinit        00200A
__mediumconst                                  mediumconst  000000
__pbssCOMRAM                                   bssCOMRAM    000001
__pcinit                                       cinit        00200A
__pcstackCOMRAM                                cstackCOMRAM 00003A
__pdataCOMRAM                                  dataCOMRAM   000046
__pidataCOMRAM                                 idataCOMRAM  002040
__pintcode                                     intcode      000008
__psmallconst                                  smallconst   001000
__ptext0                                       text0        001FCE
__ptext1                                       text1        001C2E
__ptext2                                       text2        0019FA
__ptext3                                       text3        001E7A
__ptext4                                       text4        001DAC
__ptext5                                       text5        001022
__ptext6                                       text6        001438
__ptext7                                       text7        001F24
__ptext8                                       text8        001780
__ramtop                                       ramtop       001000
__smallconst                                   smallconst   001000
_key                                           dataCOMRAM   000046
_led1                                          dataCOMRAM   000050
_main                                          text0        001FCE
btemp                                          temp         000051
end_of_initialization                          cinit        002036
int$flags                                      temp         000051
intlevel0                                      text         000000
intlevel1                                      text         000000
intlevel2                                      text         000000
intlevel3                                      text         000000
isa$std                                        (abs)        000001
isa$xinst                                      (abs)        000000
stackhi                                        (abs)        000000
stacklo                                        (abs)        000000
start                                          init         00014E
start_initialization                           cinit        00200A
ttemp5                                         temp         000052
ttemp6                                         temp         000055
ttemp7                                         temp         000059
wtemp8                                         temp         000052


MODULE INFORMATION

Module		Function		Class		Link	Load	Size
HAL/LED/LED_Prog.c
		_HAL_LED_LEDBlink		CODE           	1F24	0000	170
		_HAL_LED_LEDConfig		CODE           	1DAC	0000	206

HAL/LED/LED_Prog.c estimated size: 376

MCAL/DIO/DIO_Prog.c
		_MCAL_DIO_SetPinDirection		CODE           	1438	0000	840
		_MCAL_DIO_TogglePinValue		CODE           	1780	0000	634
		_MCAL_DIO_SetPinValue		CODE           	1022	0000	1046
		_MCAL_DIO_ReadPinValue		CODE           	19FA	0000	564

MCAL/DIO/DIO_Prog.c estimated size: 3084

shared
		_Local_KeyPadLayout@KeyPad_Config$F177		SMALLCONST     	1001	0000	16
		__initialization		CODE           	200A	0000	44
		_Local_KeyPadLayout		SMALLCONST     	0000	0000	0

shared estimated size: 60

HAL/Push_Button/Push_Button_Prog.c
		_HAL_Push_Button_ReadBtn		CODE           	1C2E	0000	382
		_HAL_Push_Button_BtnConfig		CODE           	1E7A	0000	170

HAL/Push_Button/Push_Button_Prog.c estimated size: 552

MCAL/Interrupt/Interrupt_Prog.c
		_ISR           		CODE           	0008	0000	326

MCAL/Interrupt/Interrupt_Prog.c estimated size: 326

main.c
		_main          		CODE           	1FCE	0000	60

main.c estimated size: 60

