Microchip MPLAB XC8 Compiler V2.46

Linker command line:

-W-3 \
  --edf=P:\Programs_installed\Microchip\xc8\v2.46\pic\dat\20240104201356_en.msgs \
  -cn -h+dist/default/production\PICDrivers.production.sym \
  --cmf=dist/default/production\PICDrivers.production.cmf -z -Q18F46K20 \
  -oC:\Users\ALIMOH~1\AppData\Local\Temp\xcAsfd0.\driver_tmp_3.o \
  --defsym=__MPLAB_BUILD=1 --fixupoverflow=error \
  -Mdist/default/production/PICDrivers.production.map \
  --md=C:\Users\ALIMOH~1\AppData\Local\Temp\xcAsfd0.\driver_tmp_0.dat -E1 \
  -ver=XC8 Compiler --acfsm=1493 -ACODE=00h-0FFFFh -ACONST=00h-0FFFFh \
  -ASMALLCONST=01000h-010FFhx240 -AMEDIUMCONST=01000h-0FFFFh \
  -ACOMRAM=01h-05Fh -AABS1=00h-0F5Fh -ABIGRAM=01h-0F5Fh \
  -ARAM=060h-0FFh,0100h-01FFhx14,0F00h-0F5Fh -ABANK0=060h-0FFh \
  -ABANK1=0100h-01FFh -ABANK2=0200h-02FFh -ABANK3=0300h-03FFh \
  -ABANK4=0400h-04FFh -ABANK5=0500h-05FFh -ABANK6=0600h-06FFh \
  -ABANK7=0700h-07FFh -ABANK8=0800h-08FFh -ABANK9=0900h-09FFh \
  -ABANK10=0A00h-0AFFh -ABANK11=0B00h-0BFFh -ABANK12=0C00h-0CFFh \
  -ABANK13=0D00h-0DFFh -ABANK14=0E00h-0EFFh -ABANK15=0F00h-0F5Fh \
  -ASFR=0F60h-0FFFh -ABIGSFR=0F60h-0FFFh -ACONFIG=0300000h-030000Dh \
  -AIDLOC=0200000h-0200007h -AEEDATA=0F00000h-0F003FFh -peeprom_data=EEDATA \
  -preset_vec=00h,intcode,sivt_hi,intcodelo,sivt_lo,powerup,init \
  -pramtop=01000h -psmallconst=SMALLCONST -pmediumconst=MEDIUMCONST \
  -pconst=CONST -AFARRAM=00h-00h \
  -prdata=COMRAM,nvrram=COMRAM,nvbit=COMRAM,rbss=COMRAM,rbit=COMRAM \
  -pfarbss=FARRAM,fardata=FARRAM,nvFARRAM=FARRAM \
  -pintsave_regs=BIGRAM,bigbss=BIGRAM,bigdata=BIGRAM -pbss=RAM \
  -pidata=CODE,irdata=CODE,ibigdata=CODE,ifardata=CODE -prparam=COMRAM \
  C:\Users\ALIMOH~1\AppData\Local\Temp\xcAsfd0.\driver_tmp_9.o \
  dist/default/production\PICDrivers.production.o 

Object code version is 3.11

Machine type is 18F46K20



                Name                               Link     Load   Length Selector   Space Scale
C:\Users\ALIMOH~1\AppData\Local\Temp\xcAsfd0.\driver_tmp_9.o
                idloc                            200000   200000        8        0       5
                config                           300000   300000        E        0       4
                init                                  0        0        4        0       0
dist/default/production\PICDrivers.production.o
                idloc                            200000   200000        8        0       5
                config                           300000   300000        E        0       4
                smallconst                         1000     1000       12      800       0
                text8                              1770     1770      27A      809       0
                text7                              1F14     1F14       AA      809       0
                text6                              1428     1428      348      809       0
                text5                              1012     1012      416      809       0
                text4                              1D9C     1D9C       CE      809       0
                text3                              1E6A     1E6A       AA      809       0
                text2                              19EA     19EA      234      809       0
                text1                              1C1E     1C1E      17E      809       0
                text0                              1FBE     1FBE       3C      809       0
                cstackCOMRAM                          D        D        C        1       1
                dataCOMRAM                           19       19        B        1       1
                bssCOMRAM                             1        1        C        1       1
                cinit                              1FFA     1FFA       36      809       0
                idataCOMRAM                        2030     2030        B      809       0

TOTAL           Name                               Link     Load   Length     Space
        CLASS   CODE           
                init                                  0        0        4         0
                text8                              1770     1770      27A         0
                text7                              1F14     1F14       AA         0
                text6                              1428     1428      348         0
                text5                              1012     1012      416         0
                text4                              1D9C     1D9C       CE         0
                text3                              1E6A     1E6A       AA         0
                text2                              19EA     19EA      234         0
                text1                              1C1E     1C1E      17E         0
                text0                              1FBE     1FBE       3C         0
                cinit                              1FFA     1FFA       36         0
                idataCOMRAM                        2030     2030        B         0

        CLASS   CONST          

        CLASS   SMALLCONST     
                smallconst                         1000     1000       12         0

        CLASS   MEDIUMCONST    

        CLASS   COMRAM         
                cstackCOMRAM                          D        D        C         1
                dataCOMRAM                           19       19        B         1
                bssCOMRAM                             1        1        C         1

        CLASS   ABS1           

        CLASS   BIGRAM         

        CLASS   RAM            

        CLASS   BANK0          

        CLASS   BANK1          

        CLASS   BANK2          

        CLASS   BANK3          

        CLASS   BANK4          

        CLASS   BANK5          

        CLASS   BANK6          

        CLASS   BANK7          

        CLASS   BANK8          

        CLASS   BANK9          

        CLASS   BANK10         

        CLASS   BANK11         

        CLASS   BANK12         

        CLASS   BANK13         

        CLASS   BANK14         

        CLASS   BANK15         

        CLASS   SFR            

        CLASS   BIGSFR         

        CLASS   CONFIG         
                config                           300000   300000        E         4

        CLASS   IDLOC          
                idloc                            200000   200000        8         5

        CLASS   EEDATA         

        CLASS   FARRAM         

        CLASS   HEAP           

        CLASS   STACK          



SEGMENTS        Name                           Load    Length   Top    Selector   Space  Class

                reset_vec                      000000  000004  000004         0       0  CODE    
                bssCOMRAM                      000001  000023  000024         1       1  COMRAM  
                smallconst                     001000  000012  001012       800       0  SMALLCON
                text5                          001012  001029  00203B       809       0  CODE    


UNUSED ADDRESS RANGES

        Name                Unused          Largest block    Delta
        BANK0            000060-0000FF               A0
        BANK1            000100-0001FF              100
        BANK10           000A00-000AFF              100
        BANK11           000B00-000BFF              100
        BANK12           000C00-000CFF              100
        BANK13           000D00-000DFF              100
        BANK14           000E00-000EFF              100
        BANK15           000F00-000F5F               60
        BANK2            000200-0002FF              100
        BANK3            000300-0003FF              100
        BANK4            000400-0004FF              100
        BANK5            000500-0005FF              100
        BANK6            000600-0006FF              100
        BANK7            000700-0007FF              100
        BANK8            000800-0008FF              100
        BANK9            000900-0009FF              100
        BIGRAM           000024-000F5F              F3C
        BIGSFR           000F60-000FFF               A0
        CODE             000004-000FFF              FFC
                         00203B-00FFFF             DFC5
        COMRAM           000024-00005F               3C
        CONST            000004-000FFF              FFC
                         00203B-00FFFF             DFC5
        EEDATA           F00000-F003FF              400
        MEDIUMCONST      00203B-00FFFF             DFC5
        RAM              000060-000F5F              100
        SFR              000F60-000FFF               A0
        SMALLCONST       00203B-00FFFF              100

                                  Symbol Table

HAL_LED_LEDArrayConfig@F2853               bssCOMRAM    000006
HAL_LED_LEDArrayPatternBlink@F2874         bssCOMRAM    000003
HAL_LED_LEDArrayPatternOff@F2866           bssCOMRAM    000004
HAL_LED_LEDArrayPatternOn@F2860            bssCOMRAM    000005
HAL_LED_LEDBlink@Copy_LED                  cstackCOMRAM 000012
HAL_LED_LEDBlink@F2847                     bssCOMRAM    000007
HAL_LED_LEDBlink@LED                       cstackCOMRAM 000016
HAL_LED_LEDBlink@Local_BlinkingTimes       cstackCOMRAM 000015
HAL_LED_LEDConfig@Copy_LED                 cstackCOMRAM 000014
HAL_LED_LEDConfig@F2826                    bssCOMRAM    00000B
HAL_LED_LEDConfig@LED                      cstackCOMRAM 000016
HAL_LED_LEDOff@F2836                       bssCOMRAM    000009
HAL_LED_LEDOn@F2831                        bssCOMRAM    00000A
HAL_LED_LEDToggle@F2841                    bssCOMRAM    000008
HAL_Push_Button_BtnConfig@Btn              cstackCOMRAM 000013
HAL_Push_Button_BtnConfig@Copy_Btn         cstackCOMRAM 000011
HAL_Push_Button_BtnConfig@F2812            bssCOMRAM    000002
HAL_Push_Button_ReadBtn@Btn                cstackCOMRAM 000017
HAL_Push_Button_ReadBtn@Copy_Btn           cstackCOMRAM 000013
HAL_Push_Button_ReadBtn@Copy_BtnStatus     cstackCOMRAM 000014
HAL_Push_Button_ReadBtn@F2819              bssCOMRAM    000001
HAL_Push_Button_ReadBtn@Local_BtnStatus    cstackCOMRAM 000018
MCAL_DIO_ReadPinValue@Copy_PinInfo         cstackCOMRAM 00000D
MCAL_DIO_ReadPinValue@Copy_PinValue        cstackCOMRAM 00000E
MCAL_DIO_ReadPinValue@Local_ErrorStatus    cstackCOMRAM 000011
MCAL_DIO_ReadPinValue@Local_PinValue       cstackCOMRAM 000012
MCAL_DIO_SetPinDirection@Copy_PinInfo      cstackCOMRAM 00000D
MCAL_DIO_SetPinDirection@Local_ErrorStatus cstackCOMRAM 000010
MCAL_DIO_SetPinValue@Copy_PinInfo          cstackCOMRAM 00000D
MCAL_DIO_SetPinValue@Copy_PinValue         cstackCOMRAM 00000E
MCAL_DIO_SetPinValue@Local_ErrorStatus     cstackCOMRAM 000013
MCAL_DIO_TogglePinValue@Copy_PinInfo       cstackCOMRAM 00000D
MCAL_DIO_TogglePinValue@Local_ErrorStatus  cstackCOMRAM 000011
_Btn                                       dataCOMRAM   000022
_Global_BtnRead                            dataCOMRAM   000021
_HAL_LED_LEDBlink                          text7        001F14
_HAL_LED_LEDConfig                         text4        001D9C
_HAL_Push_Button_BtnConfig                 text3        001E6A
_HAL_Push_Button_ReadBtn                   text1        001C1E
_MCAL_DIO_ReadPinValue                     text2        0019EA
_MCAL_DIO_SetPinDirection                  text6        001428
_MCAL_DIO_SetPinValue                      text5        001012
_MCAL_DIO_TogglePinValue                   text8        001770
_ReturnStatus                              bssCOMRAM    00000C
__HRAM                                     (abs)        000000
__H__absolute__                            __absolute__ 000000
__Habs1                                    abs1         000000
__Hbank0                                   bank0        000000
__Hbank1                                   bank1        000000
__Hbank10                                  bank10       000000
__Hbank11                                  bank11       000000
__Hbank12                                  bank12       000000
__Hbank13                                  bank13       000000
__Hbank14                                  bank14       000000
__Hbank15                                  bank15       000000
__Hbank2                                   bank2        000000
__Hbank3                                   bank3        000000
__Hbank4                                   bank4        000000
__Hbank5                                   bank5        000000
__Hbank6                                   bank6        000000
__Hbank7                                   bank7        000000
__Hbank8                                   bank8        000000
__Hbank9                                   bank9        000000
__Hbigbss                                  bigbss       000000
__Hbigdata                                 bigdata      000000
__Hbigram                                  bigram       000000
__Hbigsfr                                  bigsfr       000000
__Hbss                                     bss          000000
__HbssCOMRAM                               bssCOMRAM    000000
__Hcinit                                   cinit        000000
__Hclrtext                                 clrtext      000000
__Hcomram                                  comram       000000
__Hconfig                                  config       30000E
__Hconst                                   const        000000
__HcstackCOMRAM                            cstackCOMRAM 000000
__Hdata                                    data         000000
__HdataCOMRAM                              dataCOMRAM   000000
__Heeprom_data                             eeprom_data  000000
__Hfarbss                                  farbss       000000
__Hfardata                                 fardata      000000
__Hheap                                    heap         000000
__Hibigdata                                ibigdata     000000
__Hidata                                   idata        000000
__HidataCOMRAM                             idataCOMRAM  000000
__Hidloc                                   idloc        200008
__Hifardata                                ifardata     000000
__Hinit                                    init         000004
__Hintcode                                 intcode      000000
__Hintcode_body                            intcode_body 000000
__Hintcodelo                               intcodelo    000000
__Hintentry                                intentry     000000
__Hintret                                  intret       000000
__Hintsave_regs                            intsave_regs 000000
__Hirdata                                  irdata       000000
__Hmediumconst                             mediumconst  000000
__HnvFARRAM                                nvFARRAM     000000
__Hnvbit                                   nvbit        000000
__Hnvrram                                  nvrram       000000
__Hparam                                   rparam       000000
__Hpowerup                                 powerup      000000
__Hram                                     ram          000000
__Hramtop                                  ramtop       001000
__Hrbit                                    rbit         000000
__Hrbss                                    rbss         000000
__Hrdata                                   rdata        000000
__Hreset_vec                               reset_vec    000000
__Hrparam                                  rparam       000000
__Hsfr                                     sfr          000000
__Hsivt_hi                                 sivt_hi      000000
__Hsivt_lo                                 sivt_lo      000000
__Hsmallconst                              smallconst   001012
__Hspace_0                                 (abs)        00203B
__Hspace_1                                 (abs)        000024
__Hspace_2                                 (abs)        000000
__Hspace_4                                 (abs)        60000E
__Hstack                                   stack        000000
__Hstruct                                  struct       000000
__Htemp                                    temp         000000
__Htext                                    text         000000
__Htext0                                   text0        000000
__Htext1                                   text1        000000
__Htext2                                   text2        000000
__Htext3                                   text3        000000
__Htext4                                   text4        000000
__Htext5                                   text5        000000
__Htext6                                   text6        000000
__Htext7                                   text7        000000
__Htext8                                   text8        000000
__LRAM                                     (abs)        000001
__L__absolute__                            __absolute__ 000000
__Labs1                                    abs1         000000
__Lbank0                                   bank0        000000
__Lbank1                                   bank1        000000
__Lbank10                                  bank10       000000
__Lbank11                                  bank11       000000
__Lbank12                                  bank12       000000
__Lbank13                                  bank13       000000
__Lbank14                                  bank14       000000
__Lbank15                                  bank15       000000
__Lbank2                                   bank2        000000
__Lbank3                                   bank3        000000
__Lbank4                                   bank4        000000
__Lbank5                                   bank5        000000
__Lbank6                                   bank6        000000
__Lbank7                                   bank7        000000
__Lbank8                                   bank8        000000
__Lbank9                                   bank9        000000
__Lbigbss                                  bigbss       000000
__Lbigdata                                 bigdata      000000
__Lbigram                                  bigram       000000
__Lbigsfr                                  bigsfr       000000
__Lbss                                     bss          000000
__LbssCOMRAM                               bssCOMRAM    000000
__Lcinit                                   cinit        000000
__Lclrtext                                 clrtext      000000
__Lcomram                                  comram       000000
__Lconfig                                  config       000000
__Lconst                                   const        000000
__LcstackCOMRAM                            cstackCOMRAM 000000
__Ldata                                    data         000000
__LdataCOMRAM                              dataCOMRAM   000000
__Leeprom_data                             eeprom_data  000000
__Lfarbss                                  farbss       000000
__Lfardata                                 fardata      000000
__Lheap                                    heap         000000
__Libigdata                                ibigdata     000000
__Lidata                                   idata        000000
__LidataCOMRAM                             idataCOMRAM  000000
__Lidloc                                   idloc        000000
__Lifardata                                ifardata     000000
__Linit                                    init         000000
__Lintcode                                 intcode      000000
__Lintcode_body                            intcode_body 000000
__Lintcodelo                               intcodelo    000000
__Lintentry                                intentry     000000
__Lintret                                  intret       000000
__Lintsave_regs                            intsave_regs 000000
__Lirdata                                  irdata       000000
__Lmediumconst                             mediumconst  000000
__LnvFARRAM                                nvFARRAM     000000
__Lnvbit                                   nvbit        000000
__Lnvrram                                  nvrram       000000
__Lparam                                   rparam       000000
__Lpowerup                                 powerup      000000
__Lram                                     ram          000000
__Lramtop                                  ramtop       001000
__Lrbit                                    rbit         000000
__Lrbss                                    rbss         000000
__Lrdata                                   rdata        000000
__Lreset_vec                               reset_vec    000000
__Lrparam                                  rparam       000000
__Lsfr                                     sfr          000000
__Lsivt_hi                                 sivt_hi      000000
__Lsivt_lo                                 sivt_lo      000000
__Lsmallconst                              smallconst   001000
__Lspace_0                                 (abs)        000000
__Lspace_1                                 (abs)        000000
__Lspace_2                                 (abs)        000000
__Lspace_4                                 (abs)        000000
__Lstack                                   stack        000000
__Lstruct                                  struct       000000
__Ltemp                                    temp         000000
__Ltext                                    text         000000
__Ltext0                                   text0        000000
__Ltext1                                   text1        000000
__Ltext2                                   text2        000000
__Ltext3                                   text3        000000
__Ltext4                                   text4        000000
__Ltext5                                   text5        000000
__Ltext6                                   text6        000000
__Ltext7                                   text7        000000
__Ltext8                                   text8        000000
__S0                                       (abs)        00203B
__S1                                       (abs)        000024
__S4                                       (abs)        000000
__S5                                       (abs)        000000
___heap_hi                                 (abs)        000000
___heap_lo                                 (abs)        000000
___inthi_sp                                stack        000000
___inthi_stack_hi                          stack        000000
___inthi_stack_lo                          stack        000000
___intlo_sp                                stack        000000
___intlo_stack_hi                          stack        000000
___intlo_stack_lo                          stack        000000
___param_bank                              (abs)        000000
___rparam_used                             (abs)        000001
___sp                                      stack        000000
___stack_hi                                stack        000000
___stack_lo                                stack        000000
__accesstop                                (abs)        000060
__activetblptr                             (abs)        000002
__end_of_HAL_LED_LEDBlink                  text7        001FBE
__end_of_HAL_LED_LEDConfig                 text4        001E6A
__end_of_HAL_Push_Button_BtnConfig         text3        001F14
__end_of_HAL_Push_Button_ReadBtn           text1        001D9C
__end_of_Local_KeyPadLayout                smallconst   001011
__end_of_MCAL_DIO_ReadPinValue             text2        001C1E
__end_of_MCAL_DIO_SetPinDirection          text6        001770
__end_of_MCAL_DIO_SetPinValue              text5        001428
__end_of_MCAL_DIO_TogglePinValue           text8        0019EA
__end_of__initialization                   cinit        002026
__end_of_main                              text0        001FFA
__initialization                           cinit        001FFA
__mediumconst                              mediumconst  000000
__pbssCOMRAM                               bssCOMRAM    000001
__pcinit                                   cinit        001FFA
__pcstackCOMRAM                            cstackCOMRAM 00000D
__pdataCOMRAM                              dataCOMRAM   000019
__pidataCOMRAM                             idataCOMRAM  002030
__psmallconst                              smallconst   001000
__ptext0                                   text0        001FBE
__ptext1                                   text1        001C1E
__ptext2                                   text2        0019EA
__ptext3                                   text3        001E6A
__ptext4                                   text4        001D9C
__ptext5                                   text5        001012
__ptext6                                   text6        001428
__ptext7                                   text7        001F14
__ptext8                                   text8        001770
__ramtop                                   ramtop       001000
__smallconst                               smallconst   001000
_key                                       dataCOMRAM   000019
_led1                                      dataCOMRAM   000023
_main                                      text0        001FBE
end_of_initialization                      cinit        002026
intlevel0                                  text         000000
intlevel1                                  text         000000
intlevel2                                  text         000000
intlevel3                                  text         000000
isa$std                                    (abs)        000001
isa$xinst                                  (abs)        000000
stackhi                                    (abs)        000000
stacklo                                    (abs)        000000
start                                      init         000000
start_initialization                       cinit        001FFA


MODULE INFORMATION

Module		Function		Class		Link	Load	Size
HAL/LED/LED_Prog.c
		_HAL_LED_LEDBlink		CODE           	1F14	0000	170
		_HAL_LED_LEDConfig		CODE           	1D9C	0000	206

HAL/LED/LED_Prog.c estimated size: 376

MCAL/DIO/DIO_Prog.c
		_MCAL_DIO_SetPinDirection		CODE           	1428	0000	840
		_MCAL_DIO_TogglePinValue		CODE           	1770	0000	634
		_MCAL_DIO_SetPinValue		CODE           	1012	0000	1046
		_MCAL_DIO_ReadPinValue		CODE           	19EA	0000	564

MCAL/DIO/DIO_Prog.c estimated size: 3084

shared
		__initialization		CODE           	1FFA	0000	44
		_Local_KeyPadLayout		SMALLCONST     	0000	0000	0

shared estimated size: 44

HAL/Push_Button/Push_Button_Prog.c
		_HAL_Push_Button_ReadBtn		CODE           	1C1E	0000	382
		_HAL_Push_Button_BtnConfig		CODE           	1E6A	0000	170

HAL/Push_Button/Push_Button_Prog.c estimated size: 552

main.c
		_main          		CODE           	1FBE	0000	60

main.c estimated size: 60

